Script started on 2020-04-12 20:05:28-0700
kodungr@cf162-20:~$ mkdir csci241
kodungr@cf162-20:~$ ls
csci241  Desktop  Documents  Downloads	Music  Pictures  Public  Templates  typescript	Videos
kodungr@cf162-20:~$ cd csci241
kodungr@cf162-20:~/csci241$ ^V[Kgit clone https://github.com/csci241-20s/lab-1-RaguKodungudi
Cloning into 'lab-1-RaguKodungudi'...
remote: Enumerating objects: 14, done.[K
remote: Counting objects:   7% (1/14)[Kremote: Counting objects:  14% (2/14)[Kremote: Counting objects:  21% (3/14)[Kremote: Counting objects:  28% (4/14)[Kremote: Counting objects:  35% (5/14)[Kremote: Counting objects:  42% (6/14)[Kremote: Counting objects:  50% (7/14)[Kremote: Counting objects:  57% (8/14)[Kremote: Counting objects:  64% (9/14)[Kremote: Counting objects:  71% (10/14)[Kremote: Counting objects:  78% (11/14)[Kremote: Counting objects:  85% (12/14)[Kremote: Counting objects:  92% (13/14)[Kremote: Counting objects: 100% (14/14)[Kremote: Counting objects: 100% (14/14), done.[K
remote: Compressing objects:  12% (1/8)[Kremote: Compressing objects:  25% (2/8)[Kremote: Compressing objects:  37% (3/8)[Kremote: Compressing objects:  50% (4/8)[Kremote: Compressing objects:  62% (5/8)[Kremote: Compressing objects:  75% (6/8)[Kremote: Compressing objects:  87% (7/8)[Kremote: Compressing objects: 100% (8/8)[Kremote: Compressing objects: 100% (8/8), done.[K
remote: Total 14 (delta 2), reused 0 (delta 0), pack-reused 0[K
Unpacking objects:   7% (1/14)   Unpacking objects:  14% (2/14)   Unpacking objects:  21% (3/14)   Unpacking objects:  28% (4/14)   Unpacking objects:  35% (5/14)   Unpacking objects:  42% (6/14)   Unpacking objects:  50% (7/14)   Unpacking objects:  57% (8/14)   Unpacking objects:  64% (9/14)   Unpacking objects:  71% (10/14)   Unpacking objects:  78% (11/14)   Unpacking objects:  85% (12/14)   Unpacking objects:  92% (13/14)   Unpacking objects: 100% (14/14)   Unpacking objects: 100% (14/14), done.
kodungr@cf162-20:~/csci241$ git config --global user.name "Ragu Kodug[Kngudi"
kodungr@cf162-20:~/csci241$ git config --global user.email kodungr@wwu.edu
kodungr@cf162-20:~/csci241$ touch writeup.txt
kodungr@cf162-20:~/csci241$ git add writeup.e[Ktxt # run "git help add[K[K[K[K[K[K[K[K[K[K[K[K[K[K[K[K[K[K[K[K[Kt
fatal: not a git repository (or any parent up to mount point /)
Stopping at filesystem boundary (GIT_DISCOVERY_ACROSS_FILESYSTEM not set).
kodungr@cf162-20:~/csci241$ got add[K[K[K[K[K[Kit add writeup.txt +[K# [K[K[K[K[K[K[K[K[K[K[K[K[K[K[K[K[K[K[K[K[K[Kcd[K[Ks[Kls
lab-1-RaguKodungudi  writeup.txt
kodungr@cf162-20:~/csci241$ cd lab-1-RaguKodungudi
kodungr@cf162-20:~/csci241/lab-1-RaguKodungudi$ touch writeup.txt
kodungr@cf162-20:~/csci241/lab-1-RaguKodungudi$ add[K[K[Kgit add writeup.txt
kodungr@cf162-20:~/csci241/lab-1-RaguKodungudi$ git commit -m "Added empty writeup"
[master 1726446] Added empty writeup
 1 file changed, 0 insertions(+), 0 deletions(-)
 create mode 100644 writeup.txt
kodungr@cf162-20:~/csci241/lab-1-RaguKodungudi$ git push
Username for 'https://github.com': RaguKodungudi
Password for 'https://RaguKodungudi@github.com': 
Counting objects: 2, done.
Delta compression using up to 8 threads.
Compressing objects:  50% (1/2)   Compressing objects: 100% (2/2)   Compressing objects: 100% (2/2), done.
Writing objects:  50% (1/2)   Writing objects: 100% (2/2)   Writing objects: 100% (2/2), 272 bytes | 272.00 KiB/s, done.
Total 2 (delta 1), reused 0 (delta 0)
remote: Resolving deltas:   0% (0/1)[Kremote: Resolving deltas: 100% (1/1)[Kremote: Resolving deltas: 100% (1/1), completed with 1 local object.[K
To https://github.com/csci241-20s/lab-1-RaguKodungudi
   202195e..1726446  master -> master
kodungr@cf162-20:~/csci241/lab-1-RaguKodungudi$ a[Knano weite[K[K[K[Kriteup.exe[K[K[Ktxt
[?1049h[22;0;0t[1;26r(B[m[4l[?7h[39;49m[?1h=[?1h=[?1h=[?25l[39;49m(B[m[H[2J[24;42H(B[0;7m[ Reading File ](B[m[24;48H(B[0;7m 0 lines ](B[m[H(B[0;7m  GNU nano 2.9.3                              writeup.txt                                         [1;97H(B[m[25d(B[0;7m^G(B[m Get Help     (B[0;7m^O(B[m Write Out    (B[0;7m^W(B[m Where Is     (B[0;7m^K(B[m Cut Text     (B[0;7m^J(B[m Justify[81G(B[0;7m^C(B[m Cur Pos[26d(B[0;7m^X(B[m Exit[26;17H(B[0;7m^R(B[m Read File    (B[0;7m^\(B[m Replace[49G(B[0;7m^U(B[m Uncut Text   (B[0;7m^T(B[m To Spell     (B[0;7m^_(B[m Go To Line[24d[3d[39;49m(B[m[?12l[?25h[?25l[1;89H(B[0;7mModified(B[m[3dK[?12l[?25h[?25lo[?12l[?25h[?25ld[?12l[?25h[?25lu[?12l[?25h[?25ln[?12l[?25h[?25lg[?12l[?25h[?25lu[?12l[?25h[?25ld[?12l[?25h[?25li[?12l[?25h[?25l [?12l[?25h[?25lR[?12l[?25h[?25la[?12l[?25h[?25lg[?12l[?25h[?25lu[?12l[?25h[?25l [?12l[?25h[?25l [?12l[?25h[?25l [?12l[?25h[?25l [?12l[?25h[?25l[?12l[?25h[?25l [?12l[?25h[?25l [?12l[?25h[?25l [?12l[?25h[?25l [?12l[?25h[?25l [?12l[?25h[?25l [?12l[?25h[?25l [24d[K[3dKo[?12l[?25h[?25l [?12l[?25h[?25l[K[?12l[?25h[?25lR[?12l[?25h[?25la[?12l[?25h[?25lg[?12l[?25h[?25lu[?12l[?25h[?25l [?12l[?25h[?25lK[?12l[?25h[?25lo[?12l[?25h[?25ld[?12l[?25h[?25lu[?12l[?25h[?25ln[?12l[?25h[?25lg[?12l[?25h[?25lu[?12l[?25h[?25ld[?12l[?25h[?25li[?12l[?25h[?25l[4d[?12l[?25h[?25l[3;15H[?12l[?25h[?25l[24d(B[0;7mSave modified buffer?  (Answering "No" will DISCARD changes.)                                     [25;1H Y(B[m Yes[K[26d(B[0;7m N(B[m No  [26;18H(B[0;7mC(B[m Cancel[K[24;63H[?12l[?25h[?25l[25d(B[0;7m^G(B[m Get Help[25;25H(B[0;7mM-D(B[m DOS Format[25;49H(B[0;7mM-A(B[m Append[25;73H(B[0;7mM-B(B[m Backup File[26d(B[0;7m^C(B[m Cancel[17G        (B[0;7mM-M(B[m Mac Format[26;49H(B[0;7mM-P(B[m Prepend[26;73H(B[0;7m^T(B[m To Files[24d(B[0;7mFile Name to Write: writeup.txt                              (B[m[24;32H[?12l[?25h[?25l[1;3H(B[0;7m              [1;27HDIR: /home/kodungr/csci241/lab-1-RaguKodungudi/[1;89H        [24d(B[m[K[1;97H[25;17H(B[0;7m^W(B[m Where Is     (B[0;7m^_(B[m Go To Dir    (B[0;7m^B(B[m Back   [65G(B[0;7m^P(B[m Prev Line    (B[0;7m^Y(B[m Prev Page[26;2H(B[0;7mX(B[m Exit  [17G(B[0;7mM-W(B[m WhereIs Next(B[0;7m^L(B[m Refresh[49G(B[0;7m^F(B[m Forward      (B[0;7m^N(B[m Next Line    (B[0;7m^V(B[m Next Page[24d[1;97H[3d(B[0;7m..            (parent dir)(B[m  .git[3;50H(dir)  .github[3;78H(dir)[4dsrc[4;22H(dir)  .writeup.txt.swp[51G1 KB  build.gradle[4;77H939  B[5dsettings.gradle     350  B  writeup.txt[5;51H0  B[1;3H(B[0;7mGNU nano 2.9.3[1;27H                    writeup.txt                [1;89HModified(B[m[3dRagu Kodungudi[K[4d[K[5d[K[25;17H        (B[0;7mM-D(B[m DOS Format          (B[0;7mM-A(B[m Append[65G        (B[0;7mM-B(B[m Backup File[K[26;2H(B[0;7mC(B[m Cancel[17G        (B[0;7mM-M(B[m Mac Format    [49G(B[0;7mM-P(B[m Prepend             (B[0;7m^T(B[m To Files[K[24d(B[0;7mFile Name to Write: writeup.txt                                                                   [24;1H(B[m[24;32H[?12l[?25h[?25l[24;32H[?12l[?25h[?25l[24;42H[1K (B[0;7m[ Cancelled ](B[m[K[25;17H(B[0;7m^O(B[m Write Out    (B[0;7m^W(B[m Where Is     (B[0;7m^K(B[m Cut Text     (B[0;7m^J(B[m Justify      (B[0;7m^C(B[m Cur Pos[26;2H(B[0;7mX(B[m Exit  [17G(B[0;7m^R(B[m Read File    (B[0;7m^\(B[m Replace[49G(B[0;7m^U(B[m Uncut Text   (B[0;7m^T(B[m To Spell     (B[0;7m^_(B[m Go To Line[24d[3;15H[?12l[?25h[?25l[24d(B[0;7mSave modified buffer?  (Answering "No" will DISCARD changes.)                                     [25;1H Y(B[m Yes[K[26d(B[0;7m N(B[m No  [26;18H(B[0;7mC(B[m Cancel[K[24;63H[?12l[?25h[?25l[25d(B[0;7m^G(B[m Get Help[25;25H(B[0;7mM-D(B[m DOS Format[25;49H(B[0;7mM-A(B[m Append[25;73H(B[0;7mM-B(B[m Backup File[26d(B[0;7m^C(B[m Cancel[17G        (B[0;7mM-M(B[m Mac Format[26;49H(B[0;7mM-P(B[m Prepend[26;73H(B[0;7m^T(B[m To Files[24d(B[0;7mFile Name to Write: writeup.txt                              (B[m[24;32H[?12l[?25h[?25l[K[1;97H[1;89H(B[0;7m        (B[m[24;42H(B[0;7m[ Wrote 1 line ](B[m[J[26;98H[?12l[?25h[26;1H[?1049l[23;0;0t[?1l>kodungr@cf162-20:~/csci241/lab-1-RaguKodungudi$ ls
build.gradle  settings.gradle  src  writeup.txt
kodungr@cf162-20:~/csci241/lab-1-RaguKodungudi$ git commit -m "a[KAdded part 1 (names) to writeup"
On branch master
Your branch is up to date with 'origin/master'.

Changes not staged for commit:
	[31mmodified:   writeup.txt[m

no changes added to commit
kodungr@cf162-20:~/csci241/lab-1-RaguKodungudi$ git add writeup.txt
kodungr@cf162-20:~/csci241/lab-1-RaguKodungudi$ git commit -m "Added part 1 (names) to writeup"
[master c40b0d4] Added part 1 (names) to writeup
 1 file changed, 1 insertion(+)
kodungr@cf162-20:~/csci241/lab-1-RaguKodungudi$ git status
On branch master
Your branch is ahead of 'origin/master' by 1 commit.
  (use "git push" to publish your local commits)

nothing to commit, working tree clean
kodungr@cf162-20:~/csci241/lab-1-RaguKodungudi$ nano writeup.txt
[?1049h[22;0;0t[1;26r(B[m[4l[?7h[39;49m[?1h=[?1h=[?1h=[?25l[39;49m(B[m[H[2J[24;42H(B[0;7m[ Reading File ](B[m[24;48H(B[0;7m 1 line ](B[m[K[H(B[0;7m  GNU nano 2.9.3                              writeup.txt                                         [1;97H(B[m[25d(B[0;7m^G(B[m Get Help     (B[0;7m^O(B[m Write Out    (B[0;7m^W(B[m Where Is     (B[0;7m^K(B[m Cut Text     (B[0;7m^J(B[m Justify[81G(B[0;7m^C(B[m Cur Pos[26d(B[0;7m^X(B[m Exit[26;17H(B[0;7m^R(B[m Read File    (B[0;7m^\(B[m Replace[49G(B[0;7m^U(B[m Uncut Text   (B[0;7m^T(B[m To Spell     (B[0;7m^_(B[m Go To Line[24d[3d[39;49m(B[mRagu Kodungudi[?12l[?25h[?25l[1;89H(B[0;7mModified(B[m[3dsRagu Kodungudis[?12l[?25h[?25l[1P[?12l[?25h[?25l[2;23r[2;1HM[1;26r[4;1H[?12l[?25h[?25l[2;23r[23;1H
[1;26r[3;1H[?12l[?25h[?25l0Ragu Kodungudi0[?12l[?25h[?25l[1P[?12l[?25h[?25lR[?12l[?25h[?25la[?12l[?25h[?25lg[?12l[?25h[?25lu[?12l[?25h[?25l [?12l[?25h[?25lK[?12l[?25h[?25lo[?12l[?25h[?25ld[?12l[?25h[?25lu[?12l[?25h[?25ln[?12l[?25h[?25lg[?12l[?25h[?25lu[?12l[?25h[?25ld[?12l[?25h[?25li[?12l[?25h[?25l[4d[?12l[?25h[?25lH[?12l[?25h[?25lo[?12l[?25h[?25lb[?12l[?25h[?25lb[?12l[?25h[?25ly[24d[K[4;6H[?12l[?25h[?25l:[?12l[?25h[?25l [?12l[?25h[?25lW[?12l[?25h[?25la[?12l[?25h[?25lt[?12l[?25h[?25lc[?12l[?25h[?25lh[?12l[?25h[?25li[?12l[?25h[?25ln[?12l[?25h[?25lg[?12l[?25h[?25l [?12l[?25h[?25lN[?12l[?25h[?25le[?12l[?25h[?25lt[?12l[?25h[?25lf[?12l[?25h[?25ll[?12l[?25h[?25li[?12l[?25h[?25lx[?12l[?25h[?25l![?12l[?25h[?25l [?12l[?25h[?25l.[?12l[?25h[?25l.[?12l[?25h[?25l.[?12l[?25h[?25l[24d(B[0;7mSave modified buffer?  (Answering "No" will DISCARD changes.)                                     [25;1H Y(B[m Yes[K[26d(B[0;7m N(B[m No  [26;18H(B[0;7mC(B[m Cancel[K[24;63H[?12l[?25h[?25l[25d(B[0;7m^G(B[m Get Help[25;25H(B[0;7mM-D(B[m DOS Format[25;49H(B[0;7mM-A(B[m Append[25;73H(B[0;7mM-B(B[m Backup File[26d(B[0;7m^C(B[m Cancel[17G        (B[0;7mM-M(B[m Mac Format[26;49H(B[0;7mM-P(B[m Prepend[26;73H(B[0;7m^T(B[m To Files[24d(B[0;7mFile Name to Write: writeup.txt                              (B[m[24;32H[?12l[?25h[?25l[K[1;97H[1;89H(B[0;7m        (B[m[24;41H(B[0;7m[ Wrote 2 lines ](B[m[J[26;98H[?12l[?25h[26;1H[?1049l[23;0;0t[?1l>kodungr@cf162-20:~/csci241/lab-1-RaguKodungudi$ git add writeup.txt
kodungr@cf162-20:~/csci241/lab-1-RaguKodungudi$ git status
On branch master
Your branch is ahead of 'origin/master' by 1 commit.
  (use "git push" to publish your local commits)

Changes to be committed:
  (use "git reset HEAD <file>..." to unstage)

	[32mmodified:   writeup.txt[m

kodungr@cf162-20:~/csci241/lab-1-RaguKodungudi$ git commit -m "Added o[Khobby[K[K[K[K[K[K part 2 (bog[K[K[Kgo[K[Kgo[K[Khobby) to writeup"
[master 6a41924] Added part 2 (hobby) to writeup
 1 file changed, 1 insertion(+)
kodungr@cf162-20:~/csci241/lab-1-RaguKodungudi$ git status
On branch master
Your branch is ahead of 'origin/master' by 2 commits.
  (use "git push" to publish your local commits)

nothing to commit, working tree clean
kodungr@cf162-20:~/csci241/lab-1-RaguKodungudi$ git push [K
Username for 'https://github.com': RaguKodungudi
Password for 'https://RaguKodungudi@github.com': 
Counting objects: 6, done.
Delta compression using up to 8 threads.
Compressing objects:  25% (1/4)   Compressing objects:  50% (2/4)   Compressing objects:  75% (3/4)   Compressing objects: 100% (4/4)   Compressing objects: 100% (4/4), done.
Writing objects:  16% (1/6)   Writing objects:  33% (2/6)   Writing objects:  50% (3/6)   Writing objects:  66% (4/6)   Writing objects:  83% (5/6)   Writing objects: 100% (6/6)   Writing objects: 100% (6/6), 565 bytes | 282.00 KiB/s, done.
Total 6 (delta 2), reused 0 (delta 0)
remote: Resolving deltas:   0% (0/2)[Kremote: Resolving deltas: 100% (2/2)[Kremote: Resolving deltas: 100% (2/2), completed with 1 local object.[K
To https://github.com/csci241-20s/lab-1-RaguKodungudi
   1726446..6a41924  master -> master
kodungr@cf162-20:~/csci241/lab-1-RaguKodungudi$ nano
[?1049h[22;0;0t[1;26r(B[m[4l[?7h[39;49m[?1h=[?1h=[?1h=[?25l[39;49m(B[m[H[2J(B[0;7m  GNU nano 2.9.3                               New Buffer                                         [1;97H(B[m[25d(B[0;7m^G(B[m Get Help     (B[0;7m^O(B[m Write Out    (B[0;7m^W(B[m Where Is     (B[0;7m^K(B[m Cut Text     (B[0;7m^J(B[m Justify[81G(B[0;7m^C(B[m Cur Pos[26d(B[0;7m^X(B[m Exit[26;17H(B[0;7m^R(B[m Read File    (B[0;7m^\(B[m Replace[49G(B[0;7m^U(B[m Uncut Text   (B[0;7m^T(B[m To Spell     (B[0;7m^_(B[m Go To Line[24d[3d[39;49m(B[m[?12l[?25h[?25l[1;89H(B[0;7mModified(B[m[3dT[?12l[?25h[?25la[?12l[?25h[?25lg[?12l[?25h[?25l [?12l[?25h[?25l [?12l[?25h[?25l[K[?12l[?25h[?25lR[?12l[?25h[?25la[?12l[?25h[?25lg[?12l[?25h[?25lu[?12l[?25h[?25l [?12l[?25h[?25lK[?12l[?25h[?25lo[?12l[?25h[?25ld[?12l[?25h[?25lu[?12l[?25h[?25ln[?12l[?25h[?25lg[?12l[?25h[?25lu[?12l[?25h[?25ld[?12l[?25h[?25li[?12l[?25h[?25l,[?12l[?25h[?25l [?12l[?25h[?25lk[?12l[?25h[?25ld[?12l[?25h[?25l [?12l[?25h[?25lo[?12l[?25h[?25ld[?12l[?25h[?25lu[?12l[?25h[?25ln[?12l[?25h[?25lg[?12l[?25h[?25lr[?12l[?25h[?25l,[?12l[?25h[?25l [?12l[?25h[?25lR[?12l[?25h[?25la[?12l[?25h[?25lg[?12l[?25h[?25lu[?12l[?25h[?25lK[?12l[?25h[?25lo[?12l[?25h[?25ld[?12l[?25h[?25lu[?12l[?25h[?25ln[?12l[?25h[?25lg[?12l[?25h[?25lu[?12l[?25h[?25ld[?12l[?25h[?25li[?12l[?25h[?25l[25;17H        (B[0;7mM-D(B[m DOS Format          (B[0;7mM-A(B[m Append[14X[25;73H(B[0;7mM-B(B[m Backup File[K[26;2H(B[0;7mC(B[m Cancel[17G        (B[0;7mM-M(B[m Mac Format    [49G(B[0;7mM-P(B[m Prepend             (B[0;7m^T(B[m To Files[K[24d(B[0;7mFile Name to Write:                                                                               [24;1H(B[m[24;21H[?12l[?25h[?25l(B[0;7mu(B[m[24;22H[?12l[?25h[?25l(B[0;7ms(B[m[24;23H[?12l[?25h[?25l(B[0;7me(B[m[24;24H[?12l[?25h[?25l(B[0;7mr(B[m[24;25H[?12l[?25h[?25l(B[0;7mn(B[m[24;26H[?12l[?25h[?25l(B[0;7ma(B[m[24;27H[?12l[?25h[?25l(B[0;7mm(B[m[24;28H[?12l[?25h[?25l(B[0;7me(B[m[24;29H[?12l[?25h[?25l(B[0;7ms(B[m[24;30H[?12l[?25h[?25l(B[0;7m.(B[m[24;31H[?12l[?25h[?25l(B[0;7mt(B[m[24;32H[?12l[?25h[?25l(B[0;7mx(B[m[24;33H[?12l[?25h[?25l(B[0;7mt(B[m[24;34H[?12l[?25h[?25l[K[1;97H[1;46H[39;49m(B[0;7musernames.txt[1;89H        (B[m[24;42H(B[0;7m[ Wrote 1 line ](B[m[25;17H(B[0;7m^O(B[m Write Out    (B[0;7m^W(B[m Where Is     (B[0;7m^K(B[m Cut Text     (B[0;7m^J(B[m Justify      (B[0;7m^C(B[m Cur Pos[26;2H(B[0;7mX(B[m Exit  [17G(B[0;7m^R(B[m Read File    (B[0;7m^\(B[m Replace[49G(B[0;7m^U(B[m Uncut Text   (B[0;7m^T(B[m To Spell     (B[0;7m^_(B[m Go To Line[24d[3;39H[?12l[?25h[?25l[24d[J[26;98H[?12l[?25h[26;1H[?1049l[23;0;0t[?1l>kodungr@cf162-20:~/csci241/lab-1-RaguKodungudi$ ls
build.gradle  settings.gradle  src  usernames.txt  writeup.txt
kodungr@cf162-20:~/csci241/lab-1-RaguKodungudi$ git add usernames.txt
kodungr@cf162-20:~/csci241/lab-1-RaguKodungudi$ git commit -m "Added usernames file"
[master c79a483] Added usernames file
 1 file changed, 1 insertion(+)
 create mode 100644 usernames.txt
kodungr@cf162-20:~/csci241/lab-1-RaguKodungudi$ git pis[K[Kush[K[K[K[K[K[K[K[Kgit pis[K[Kush
Username for 'https://github.com': RaguKodungudi
Password for 'https://RaguKodungudi@github.com': 
Counting objects: 3, done.
Delta compression using up to 8 threads.
Compressing objects:  50% (1/2)   Compressing objects: 100% (2/2)   Compressing objects: 100% (2/2), done.
Writing objects:  33% (1/3)   Writing objects:  66% (2/3)   Writing objects: 100% (3/3)   Writing objects: 100% (3/3), 306 bytes | 306.00 KiB/s, done.
Total 3 (delta 1), reused 0 (delta 0)
remote: Resolving deltas:   0% (0/1)[Kremote: Resolving deltas: 100% (1/1)[Kremote: Resolving deltas: 100% (1/1), completed with 1 local object.[K
To https://github.com/csci241-20s/lab-1-RaguKodungudi
   6a41924..c79a483  master -> master
kodungr@cf162-20:~/csci241/lab-1-RaguKodungudi$ git checkout
Your branch is up to date with 'origin/master'.
kodungr@cf162-20:~/csci241/lab-1-RaguKodungudi$ git rest[Ket
kodungr@cf162-20:~/csci241/lab-1-RaguKodungudi$ nano
[?1049h[22;0;0t[1;26r(B[m[4l[?7h[39;49m[?1h=[?1h=[?1h=[?25l[39;49m(B[m[H[2J(B[0;7m  GNU nano 2.9.3                               New Buffer                                         [1;97H(B[m[25d(B[0;7m^G(B[m Get Help     (B[0;7m^O(B[m Write Out    (B[0;7m^W(B[m Where Is     (B[0;7m^K(B[m Cut Text     (B[0;7m^J(B[m Justify[81G(B[0;7m^C(B[m Cur Pos[26d(B[0;7m^X(B[m Exit[26;17H(B[0;7m^R(B[m Read File    (B[0;7m^\(B[m Replace[49G(B[0;7m^U(B[m Uncut Text   (B[0;7m^T(B[m To Spell     (B[0;7m^_(B[m Go To Line[24d[3d[39;49m(B[m[?12l[?25h[?25l[1;89H(B[0;7mModified(B[m[3di[?12l[?25h[?25lp[?12l[?25h[?25l [?12l[?25h[?25l[K[?12l[?25h[?25la[?12l[?25h[?25lb[?12l[?25h[?25ld[?12l[?25h[?25l [?12l[?25h[?25l [?12l[?25h[?25l[K[?12l[?25h[?25l[?12l[?25h[?25l[[?12l[?25h[?25lm[?12l[?25h[?25le[?12l[?25h[?25la[?12l[?25h[?25ln[?12l[?25h[?25lt[?12l[?25h[?25l [?12l[?25h[?25lf[?12l[?25h[?25lo[?12l[?25h[?25lr[?12l[?25h[?25l [?12l[?25h[?25ld[?12l[?25h[?25le[?12l[?25h[?25ll[?12l[?25h[?25le[?12l[?25h[?25lt[?12l[?25h[?25li[?12l[?25h[?25lo[?12l[?25h[?25ln[?12l[?25h[?25l][?12l[?25h[?25l[24d(B[0;7mSave modified buffer?  (Answering "No" will DISCARD changes.)                                     [25;1H Y(B[m Yes[K[26d(B[0;7m N(B[m No  [26;18H(B[0;7mC(B[m Cancel[K[24;63H[?12l[?25h[?25l[25d(B[0;7m^G(B[m Get Help[25;25H(B[0;7mM-D(B[m DOS Format[25;49H(B[0;7mM-A(B[m Append[25;73H(B[0;7mM-B(B[m Backup File[26d(B[0;7m^C(B[m Cancel[17G        (B[0;7mM-M(B[m Mac Format[26;49H(B[0;7mM-P(B[m Prepend[26;73H(B[0;7m^T(B[m To Files[24d(B[0;7mFile Name to Write:                                          (B[m[24;21H[?12l[?25h[?25l(B[0;7md(B[m[24;22H[?12l[?25h[?25l(B[0;7me(B[m[24;23H[?12l[?25h[?25l(B[0;7ml(B[m[24;24H[?12l[?25h[?25l(B[0;7me(B[m[24;25H[?12l[?25h[?25l(B[0;7mt(B[m[24;26H[?12l[?25h[?25l(B[0;7me(B[m[24;27H[?12l[?25h[?25l(B[0;7m.(B[m[24;28H[?12l[?25h[?25l(B[0;7mt(B[m[24;29H[?12l[?25h[?25l(B[0;7mx(B[m[24;30H[?12l[?25h[?25l(B[0;7mt(B[m[24;31H[?12l[?25h[?25l[K[1;97H[1;48H[39;49m(B[0;7mdelete.txt[1;89H        (B[m[24;42H(B[0;7m[ Wrote 1 line ](B[m[J[26;98H[?12l[?25h[26;1H[?1049l[23;0;0t[?1l>kodungr@cf162-20:~/csci241/lab-1-RaguKodungudi$ git rm
usage: git rm [<options>] [--] <file>...

    -n, --dry-run         dry run
    -q, --quiet           do not list removed files
    --cached              only remove from the index
    -f, --force           override the up-to-date check
    -r                    allow recursive removal
    --ignore-unmatch      exit with a zero status even if nothing matched

kodungr@cf162-20:~/csci241/lab-1-RaguKodungudi$ git n[Kmv
usage: git mv [<options>] <source>... <destination>

    -v, --verbose         be verbose
    -n, --dry-run         dry run
    -f, --force           force move/rename even if target exists
    -k                    skip move/rename errors

kodungr@cf162-20:~/csci241/lab-1-RaguKodungudi$ git lbam[K[K[K[Kblame
usage: git blame [<options>] [<rev-opts>] [<rev>] [--] <file>

    <rev-opts> are documented in git-rev-list(1)

    --incremental         Show blame entries as we find them, incrementally
    -b                    Show blank SHA-1 for boundary commits (Default: off)
    --root                Do not treat root commits as boundaries (Default: off)
    --show-stats          Show work cost statistics
    --progress            Force progress reporting
    --score-debug         Show output score for blame entries
    -f, --show-name       Show original filename (Default: auto)
    -n, --show-number     Show original linenumber (Default: off)
    -p, --porcelain       Show in a format designed for machine consumption
    --line-porcelain      Show porcelain format with per-line commit information
    -c                    Use the same output mode as git-annotate (Default: off)
    -t                    Show raw timestamp (Default: off)
    -l                    Show long commit SHA1 (Default: off)
    -s                    Suppress author name and timestamp (Default: off)
    -e, --show-email      Show author email instead of name (Default: off)
    -w                    Ignore whitespace differences
    --indent-heuristic    Use an experimental heuristic to improve diffs
    --minimal             Spend extra cycles to find better match
    -S <file>             Use revisions from <file> instead of calling git-rev-list
    --contents <file>     Use <file>'s contents as the final image
    -C[<score>]           Find line copies within and across files
    -M[<score>]           Find line movements within and across files
    -L <n,m>              Process only line range n,m, counting from 1
    --abbrev[=<n>]        use <n> digits to display SHA-1s

kodungr@cf162-20:~/csci241/lab-1-RaguKodungudi$ git log
[?1h=[33mcommit c79a4830e3ace191888ae1c13d38640ce1285eb4[m[33m ([m[1;36mHEAD -> [m[1;32mmaster[m[33m, [m[1;31morigin/master[m[33m, [m[1;31morigin/HEAD[m[33m)[m[m
Author: Ragu Kodungudi <kodungr@wwu.edu>[m
Date:   Sun Apr 12 21:25:56 2020 -0700[m
[m
    Added usernames file[m
[m
[33mcommit 6a4192444c76dc8c1c0a1300dd990dda0aa9649c[m[m
Author: Ragu Kodungudi <kodungr@wwu.edu>[m
Date:   Sun Apr 12 21:22:05 2020 -0700[m
[m
    Added part 2 (hobby) to writeup[m
[m
[33mcommit c40b0d4e362e6e691ac551d7a1cd4223b5e1cd56[m[m
Author: Ragu Kodungudi <kodungr@wwu.edu>[m
Date:   Sun Apr 12 21:18:59 2020 -0700[m
[m
    Added part 1 (names) to writeup[m
[m
[33mcommit 17264465f3a9acb536a86ff046c8fdeb1667b1ac[m[m
Author: Ragu Kodungudi <kodungr@wwu.edu>[m
Date:   Sun Apr 12 20:57:00 2020 -0700[m
[m
    Added empty writeup[m
[m
[33mcommit 202195e12e482ff4bd9b8a4a1621e00aacfd7ecc[m[m
:[K[K[K:[K[K:[K[K[7mNo next tag  (press RETURN)[27m[26;1H[K[K:[K[K:[K[KAuthor: swehrwein <swehrwein@gmail.com>[m
:[K[KDate:   Sun Apr 12 19:09:55 2020 -0700[m
:[K[K[m
:[K[K    Setting up GitHub Classroom Feedback[m
:[K[K[m
:[K[K[33mcommit 77675fff78b271b43149cb27ab6f17225499e2b4[m[33m ([m[1;31morigin/feedback[m[33m)[m[m
:[K[KAuthor: swehrwein <swehrwein@gmail.com>[m
:[K[KDate:   Sun Apr 12 19:09:54 2020 -0700[m
:[K[K[m
:[K[K    Setting up GitHub Classroom Feedback[m
:[K[K[m
:[K[K[33mcommit f258957ada45d9c69e98c355622e5fc279bdcd34[m[m
:[K[KAuthor: swehrwein <swehrwein@gmail.com>[m
:[K[KDate:   Sun Apr 12 19:09:53 2020 -0700[m
:[K[K[m
:[K[K    Initial commit[m
:[K[K[K[7m(END)[27m[K[K[K[7m(END)[27m[K[K[K[7m(END)[27m[K[K[K[7m(END)[27m[K[K[K[7m(END)[27m[K[K[K[7m(END)[27m[K[K[K[7m(END)[27m[K[K[K[7m(END)[27m[K[K[K[7m(END)[27m[K[K[K[7m(END)[27m[K[K[K[7m(END)[27m[K[K[K[7m(END)[27m[K[K[K[7m(END)[27m[K[K[K[7m(END)[27m[K[K[K[7m(END)[27m[K[K[K[7m(END)[27m[K[K[K[7m(END)[27m[K[K[K[7m(END)[27m[K[K[K[7m(END)[27m[K[K[K[7m(END)[27m[K[K[K[7m(END)[27m[K[K[K[7m(END)[27m[K[K [KESCESC[KOO[KBB[K[K[7m(END)[27m[K[K [KESCESC[KOO[KBB[K[K[7m(END)[27m[K[K[7m(END)[27m[K[K-[Klog file: [Kdd[Kff[Kss[Kdd[Kff[Kss[Kdd[Kff[K[K[K[K[K[K[K[K[K[7m(END)[27m[K[K[7m(END)[27m[K[K[7m(END)[27m[K[K[7m(END)[27m[K[K[7m(END)[27m[K[K[7m(END)[27m[K[K[7m(END)[27m[K[K[7m(END)[27m[K[K[7m(END)[27m[K[K[HM[m
[HMDate:   Sun Apr 12 21:18:59 2020 -0700[m
[HMAuthor: Ragu Kodungudi <kodungr@wwu.edu>[m
[HM[33mcommit c40b0d4e362e6e691ac551d7a1cd4223b5e1cd56[m[m
[HM[m
[HM    Added part 2 (hobby) to writeup[m
[HM[m
[HMDate:   Sun Apr 12 21:22:05 2020 -0700[m
[HMAuthor: Ragu Kodungudi <kodungr@wwu.edu>[m
[HM[33mcommit 6a4192444c76dc8c1c0a1300dd990dda0aa9649c[m[m
[HM[m
[HM    Added usernames file[m
[HM[m
[HMDate:   Sun Apr 12 21:25:56 2020 -0700[m
[HMAuthor: Ragu Kodungudi <kodungr@wwu.edu>[m
[HM[33mcommit c79a4830e3ace191888ae1c13d38640ce1285eb4[m[33m ([m[1;36mHEAD -> [m[1;32mmaster[m[33m, [m[1;31morigin/master[m[33m, [m[1;31morigin/HEAD[m[33m)[m[m
[26;1H[K:[K[K[K:[K[K[K:[K[K[K:[K[K...skipping...
[33mcommit c79a4830e3ace191888ae1c13d38640ce1285eb4[m[33m ([m[1;36mHEAD -> [m[1;32mmaster[m[33m, [m[1;31morigin/master[m[33m, [m[1;31morigin/HEAD[m[33m)[m[m
Author: Ragu Kodungudi <kodungr@wwu.edu>[m
Date:   Sun Apr 12 21:25:56 2020 -0700[m
[m
    Added usernames file[m
[m
[33mcommit 6a4192444c76dc8c1c0a1300dd990dda0aa9649c[m[m
Author: Ragu Kodungudi <kodungr@wwu.edu>[m
Date:   Sun Apr 12 21:22:05 2020 -0700[m
[m
    Added part 2 (hobby) to writeup[m
[m
[33mcommit c40b0d4e362e6e691ac551d7a1cd4223b5e1cd56[m[m
Author: Ragu Kodungudi <kodungr@wwu.edu>[m
Date:   Sun Apr 12 21:18:59 2020 -0700[m
[m
    Added part 1 (names) to writeup[m
[m
[33mcommit 17264465f3a9acb536a86ff046c8fdeb1667b1ac[m[m
Author: Ragu Kodungudi <kodungr@wwu.edu>[m
Date:   Sun Apr 12 20:57:00 2020 -0700[m
[m
    Added empty writeup[m
[m
[33mcommit 202195e12e482ff4bd9b8a4a1621e00aacfd7ecc[m[m
:[K[K...skipping...
[33mcommit c79a4830e3ace191888ae1c13d38640ce1285eb4[m[33m ([m[1;36mHEAD -> [m[1;32mmaster[m[33m, [m[1;31morigin/master[m[33m, [m[1;31morigin/HEAD[m[33m)[m[m
Author: Ragu Kodungudi <kodungr@wwu.edu>[m
Date:   Sun Apr 12 21:25:56 2020 -0700[m
[m
    Added usernames file[m
[m
[33mcommit 6a4192444c76dc8c1c0a1300dd990dda0aa9649c[m[m
Author: Ragu Kodungudi <kodungr@wwu.edu>[m
Date:   Sun Apr 12 21:22:05 2020 -0700[m
[m
    Added part 2 (hobby) to writeup[m
[m
[33mcommit c40b0d4e362e6e691ac551d7a1cd4223b5e1cd56[m[m
Author: Ragu Kodungudi <kodungr@wwu.edu>[m
Date:   Sun Apr 12 21:18:59 2020 -0700[m
[m
    Added part 1 (names) to writeup[m
[m
[33mcommit 17264465f3a9acb536a86ff046c8fdeb1667b1ac[m[m
Author: Ragu Kodungudi <kodungr@wwu.edu>[m
Date:   Sun Apr 12 20:57:00 2020 -0700[m
[m
    Added empty writeup[m
[m
[33mcommit 202195e12e482ff4bd9b8a4a1621e00aacfd7ecc[m[m
:[K[K...skipping...
[33mcommit c79a4830e3ace191888ae1c13d38640ce1285eb4[m[33m ([m[1;36mHEAD -> [m[1;32mmaster[m[33m, [m[1;31morigin/master[m[33m, [m[1;31morigin/HEAD[m[33m)[m[m
Author: Ragu Kodungudi <kodungr@wwu.edu>[m
Date:   Sun Apr 12 21:25:56 2020 -0700[m
[m
    Added usernames file[m
[m
[33mcommit 6a4192444c76dc8c1c0a1300dd990dda0aa9649c[m[m
Author: Ragu Kodungudi <kodungr@wwu.edu>[m
Date:   Sun Apr 12 21:22:05 2020 -0700[m
[m
    Added part 2 (hobby) to writeup[m
[m
[33mcommit c40b0d4e362e6e691ac551d7a1cd4223b5e1cd56[m[m
Author: Ragu Kodungudi <kodungr@wwu.edu>[m
Date:   Sun Apr 12 21:18:59 2020 -0700[m
[m
    Added part 1 (names) to writeup[m
[m
[33mcommit 17264465f3a9acb536a86ff046c8fdeb1667b1ac[m[m
Author: Ragu Kodungudi <kodungr@wwu.edu>[m
Date:   Sun Apr 12 20:57:00 2020 -0700[m
[m
    Added empty writeup[m
[m
[33mcommit 202195e12e482ff4bd9b8a4a1621e00aacfd7ecc[m[m
:[K[K...skipping...
[33mcommit c79a4830e3ace191888ae1c13d38640ce1285eb4[m[33m ([m[1;36mHEAD -> [m[1;32mmaster[m[33m, [m[1;31morigin/master[m[33m, [m[1;31morigin/HEAD[m[33m)[m[m
Author: Ragu Kodungudi <kodungr@wwu.edu>[m
Date:   Sun Apr 12 21:25:56 2020 -0700[m
[m
    Added usernames file[m
[m
[33mcommit 6a4192444c76dc8c1c0a1300dd990dda0aa9649c[m[m
Author: Ragu Kodungudi <kodungr@wwu.edu>[m
Date:   Sun Apr 12 21:22:05 2020 -0700[m
[m
    Added part 2 (hobby) to writeup[m
[m
[33mcommit c40b0d4e362e6e691ac551d7a1cd4223b5e1cd56[m[m
Author: Ragu Kodungudi <kodungr@wwu.edu>[m
Date:   Sun Apr 12 21:18:59 2020 -0700[m
[m
    Added part 1 (names) to writeup[m
[m
[33mcommit 17264465f3a9acb536a86ff046c8fdeb1667b1ac[m[m
Author: Ragu Kodungudi <kodungr@wwu.edu>[m
Date:   Sun Apr 12 20:57:00 2020 -0700[m
[m
    Added empty writeup[m
[m
[33mcommit 202195e12e482ff4bd9b8a4a1621e00aacfd7ecc[m[m
:[K[K...skipping...
[33mcommit c79a4830e3ace191888ae1c13d38640ce1285eb4[m[33m ([m[1;36mHEAD -> [m[1;32mmaster[m[33m, [m[1;31morigin/master[m[33m, [m[1;31morigin/HEAD[m[33m)[m[m
Author: Ragu Kodungudi <kodungr@wwu.edu>[m
Date:   Sun Apr 12 21:25:56 2020 -0700[m
[m
    Added usernames file[m
[m
[33mcommit 6a4192444c76dc8c1c0a1300dd990dda0aa9649c[m[m
Author: Ragu Kodungudi <kodungr@wwu.edu>[m
Date:   Sun Apr 12 21:22:05 2020 -0700[m
[m
    Added part 2 (hobby) to writeup[m
[m
[33mcommit c40b0d4e362e6e691ac551d7a1cd4223b5e1cd56[m[m
Author: Ragu Kodungudi <kodungr@wwu.edu>[m
Date:   Sun Apr 12 21:18:59 2020 -0700[m
[m
    Added part 1 (names) to writeup[m
[m
[33mcommit 17264465f3a9acb536a86ff046c8fdeb1667b1ac[m[m
Author: Ragu Kodungudi <kodungr@wwu.edu>[m
Date:   Sun Apr 12 20:57:00 2020 -0700[m
[m
    Added empty writeup[m
[m
[33mcommit 202195e12e482ff4bd9b8a4a1621e00aacfd7ecc[m[m
:[K[K...skipping...
[33mcommit c79a4830e3ace191888ae1c13d38640ce1285eb4[m[33m ([m[1;36mHEAD -> [m[1;32mmaster[m[33m, [m[1;31morigin/master[m[33m, [m[1;31morigin/HEAD[m[33m)[m[m
Author: Ragu Kodungudi <kodungr@wwu.edu>[m
Date:   Sun Apr 12 21:25:56 2020 -0700[m
[m
    Added usernames file[m
[m
[33mcommit 6a4192444c76dc8c1c0a1300dd990dda0aa9649c[m[m
Author: Ragu Kodungudi <kodungr@wwu.edu>[m
Date:   Sun Apr 12 21:22:05 2020 -0700[m
[m
    Added part 2 (hobby) to writeup[m
[m
[33mcommit c40b0d4e362e6e691ac551d7a1cd4223b5e1cd56[m[m
Author: Ragu Kodungudi <kodungr@wwu.edu>[m
Date:   Sun Apr 12 21:18:59 2020 -0700[m
[m
    Added part 1 (names) to writeup[m
[m
[33mcommit 17264465f3a9acb536a86ff046c8fdeb1667b1ac[m[m
Author: Ragu Kodungudi <kodungr@wwu.edu>[m
Date:   Sun Apr 12 20:57:00 2020 -0700[m
[m
    Added empty writeup[m
[m
[33mcommit 202195e12e482ff4bd9b8a4a1621e00aacfd7ecc[m[m
:[K[K:[K[K:[K[KAuthor: swehrwein <swehrwein@gmail.com>[m
Date:   Sun Apr 12 19:09:55 2020 -0700[m
[m
    Setting up GitHub Classroom Feedback[m
[m
[33mcommit 77675fff78b271b43149cb27ab6f17225499e2b4[m[33m ([m[1;31morigin/feedback[m[33m)[m[m
Author: swehrwein <swehrwein@gmail.com>[m
Date:   Sun Apr 12 19:09:54 2020 -0700[m
[m
    Setting up GitHub Classroom Feedback[m
[m
[33mcommit f258957ada45d9c69e98c355622e5fc279bdcd34[m[m
Author: swehrwein <swehrwein@gmail.com>[m
:[K[K-[Klog file: [Kff[Kaa[Kss[Kdd[Kff[Kaa[Kss[Kdd[Kff[Kaa[Kss[Kdd[Kff[Kaa[Kss[Kdd[Kff[K[K[K[K[K[K[K[K[K[K[K[K[K[K[K[K[K[K:[K[K:[K[K:[K[K:[K[K:[K[K:[K[K[HM[33mcommit c40b0d4e362e6e691ac551d7a1cd4223b5e1cd56[m[m
[HM[m
[HM    Added part 2 (hobby) to writeup[m
[HM[m
[HMDate:   Sun Apr 12 21:22:05 2020 -0700[m
[HMAuthor: Ragu Kodungudi <kodungr@wwu.edu>[m
[HM[33mcommit 6a4192444c76dc8c1c0a1300dd990dda0aa9649c[m[m
[HM[m
[HM    Added usernames file[m
[HM[m
[HMDate:   Sun Apr 12 21:25:56 2020 -0700[m
[HMAuthor: Ragu Kodungudi <kodungr@wwu.edu>[m
[HM[33mcommit c79a4830e3ace191888ae1c13d38640ce1285eb4[m[33m ([m[1;36mHEAD -> [m[1;32mmaster[m[33m, [m[1;31morigin/master[m[33m, [m[1;31morigin/HEAD[m[33m)[m[m
[26;1H[K:[K[K:[K[K[7mNo next tag  (press RETURN)[27m[26;1H[K[K:[K[K-[Klog file: [Kss[K  [Kss[Kdd[Kff[Kss[Kdd[K[K[K[K[K[K[K[K:[K[K:[K[K:[K[K:[K[K:[K[K:[K[K:[K[K:[K[K:[K[K:[K[K:[K[KAuthor: swehrwein <swehrwein@gmail.com>[m
:[K[KDate:   Sun Apr 12 19:09:55 2020 -0700[m
:[K[K[m
:[K[K    Setting up GitHub Classroom Feedback[m
:[K[K[m
:[K[K[33mcommit 77675fff78b271b43149cb27ab6f17225499e2b4[m[33m ([m[1;31morigin/feedback[m[33m)[m[m
:[K[KAuthor: swehrwein <swehrwein@gmail.com>[m
:[K[KDate:   Sun Apr 12 19:09:54 2020 -0700[m
:[K[K[m
:[K[K    Setting up GitHub Classroom Feedback[m
:[K[K[m
:[K[K[33mcommit f258957ada45d9c69e98c355622e5fc279bdcd34[m[m
:[K[KAuthor: swehrwein <swehrwein@gmail.com>[m
:[K[KDate:   Sun Apr 12 19:09:53 2020 -0700[m
:[K[K[m
:[K[K    Initial commit[m
[7m(END)[27m[K[K[K[7m(END)[27m[K[K[K[7m(END)[27m[K[K[K[7m(END)[27m[K[K[K[7m(END)[27m[K[K[K[7m(END)[27m[K[K[K[7m(END)[27m[K[K[K[7m(END)[27m[K[K[K[7m(END)[27m[K[K[K[7m(END)[27m[K[K[K[7m(END)[27m[K[K[K[7m(END)[27m[K[K[K[7m(END)[27m[K[K[K[7m(END)[27m[K[K [KESCESC[KOO[KBB[K[K[7m(END)[27m[K[K-[Klog file: [Kff[Kss[K[K[7m(END)[27m[K[K[HM[m
[HMDate:   Sun Apr 12 21:18:59 2020 -0700[m
[HMAuthor: Ragu Kodungudi <kodungr@wwu.edu>[m
[HM[33mcommit c40b0d4e362e6e691ac551d7a1cd4223b5e1cd56[m[m
[HM[m
[HM    Added part 2 (hobby) to writeup[m
[HM[m
[HMDate:   Sun Apr 12 21:22:05 2020 -0700[m
[HMAuthor: Ragu Kodungudi <kodungr@wwu.edu>[m
[HM[33mcommit 6a4192444c76dc8c1c0a1300dd990dda0aa9649c[m[m
[HM[m
[HM    Added usernames file[m
[HM[m
[HMDate:   Sun Apr 12 21:25:56 2020 -0700[m
[HMAuthor: Ragu Kodungudi <kodungr@wwu.edu>[m
[HM[33mcommit c79a4830e3ace191888ae1c13d38640ce1285eb4[m[33m ([m[1;36mHEAD -> [m[1;32mmaster[m[33m, [m[1;31morigin/master[m[33m, [m[1;31morigin/HEAD[m[33m)[m[m
[26;1H[K:[K[K[K:[K[K:[K[K:[K[K:[K[K:[K[KAuthor: swehrwein <swehrwein@gmail.com>[m
Date:   Sun Apr 12 19:09:55 2020 -0700[m
[m
    Setting up GitHub Classroom Feedback[m
[m
[33mcommit 77675fff78b271b43149cb27ab6f17225499e2b4[m[33m ([m[1;31morigin/feedback[m[33m)[m[m
Author: swehrwein <swehrwein@gmail.com>[m
Date:   Sun Apr 12 19:09:54 2020 -0700[m
[m
    Setting up GitHub Classroom Feedback[m
[m
[33mcommit f258957ada45d9c69e98c355622e5fc279bdcd34[m[m
Author: swehrwein <swehrwein@gmail.com>[m
:[K[K:[K[K:[K[KDate:   Sun Apr 12 19:09:53 2020 -0700[m
[m
    Initial commit[m
[7m(END)[27m[K[K[7m(END)[27m[K[K[K[7m(END)[27m[K[K [KESCESC[KESCESC[K[7m(END)[27m[K[K [KESCESC[K^J^J[K[7m(END)[27m[K[K [KESCESC[KESCESC[K[7m(END)[27m[K[K [KESCESC[KESCESC[K[7m(END)[27m[K[K[7m(END)[27m[K[K[7m(END)[27m[K[K[7m(END)[27m[K[K-[Klog file: [Kdd[Kff[Kaa[Kss[Kdd[Kff[Kff[Kaa[Kss[Kdd[Kff[Kss[Kaa[Kdd[Kff[K[K[7mLog file is already in use  (press RETURN)[27m[26;1H[K[K[7m(END)[27m[K[K[K[7m(END)[27m[K[K[K[7m(END)[27m[K[K[K[7m(END)[27m[K[K[7m(END)[27m[K[K [KESCESC[K[[[K33[K[7m(END)[27m[K[K[7m(END)[27m[K[K [KESCESC[K[[[K33[K[7m(END)[27m[K[K[7m(END)[27m[K[K[7m(END)[27m[K[K[7m(END)[27m[K[K-[Klog file: [Kdd[Kaa[Kss[K[K[K[Kww[Krr[Kii[Ktt[Kee[Kuu[Kpp[K..[Ktt[Kxx[Ktt[K[K[7mLog file is already in use  (press RETURN)[27m[26;1H[K[K[7m(END)[27m[K[K[K[7m(END)[27m[K[K[7m(END)[27m[K[K[K[7m(END)[27m[K[K-[Klog file: [Kss[Kss[K[K[Kaa[Kaa[K[K[Kqq[Kww[Kee[Krr[Ktt[K[K[K[K[K[K[7m(END)[27m[K[K[7m(END)[27m[K[K[7m(END)[27m[K[K[7m(END)[27m[K[K[7m(END)[27m[K[K[7m(END)[27m[K[K[7m(END)[27m[K[K[7m(END)[27m[K[K[7m(END)[27m[K[K[7m(END)[27m[K[K[7m(END)[27m[K[K[7m(END)[27m[K[K[7m(END)[27m[K[K[K[7m(END)[27m[K[K[7m(END)[27m[K[K-[Klog file: [Kee[Kxx[Kii[Ktt[K[K[7mLog file is already in use  (press RETURN)[27m[26;1H[K[K[7m(END)[27m[K[K[?1l>kodungr@cf162-20:~/csci241/lab-1-RaguKodungudi$ 
kodungr@cf162-20:~/csci241/lab-1-RaguKodungudi$ git diff
[?1h=[K[?1l>kodungr@cf162-20:~/csci241/lab-1-RaguKodungudi$ git branch question3
kodungr@cf162-20:~/csci241/lab-1-RaguKodungudi$ git checkout question 3[K[K3
Switched to branch 'question3'
kodungr@cf162-20:~/csci241/lab-1-RaguKodungudi$ nano we[Kriteup.txt
[?1049h[22;0;0t[1;26r(B[m[4l[?7h[39;49m[?1h=[?1h=[?1h=[?25l[39;49m(B[m[H[2J[24;42H(B[0;7m[ Reading File ](B[m[24;48H(B[0;7m 2 lines ](B[m[H(B[0;7m  GNU nano 2.9.3                              writeup.txt                                         [1;97H(B[m[25d(B[0;7m^G(B[m Get Help     (B[0;7m^O(B[m Write Out    (B[0;7m^W(B[m Where Is     (B[0;7m^K(B[m Cut Text     (B[0;7m^J(B[m Justify[81G(B[0;7m^C(B[m Cur Pos[26d(B[0;7m^X(B[m Exit[26;17H(B[0;7m^R(B[m Read File    (B[0;7m^\(B[m Replace[49G(B[0;7m^U(B[m Uncut Text   (B[0;7m^T(B[m To Spell     (B[0;7m^_(B[m Go To Line[24d[3d[39;49m(B[mRagu Kodungudi[4dHobby: Watching Netflix...[A[?12l[?25h[?25l[1;89H(B[0;7mModified(B[m[3dFRagu KodungudiF[?12l[?25h[?25laRagu KodungudiFa[?12l[?25h[?25lvRagu KodungudiFav[?12l[?25h[?25loRagu Kodungudi[5G[?12l[?25h[?25lrRagu Kodungudi[6G[?12l[?25h[?25liRagu Kodungudi[7G[?12l[?25h[?25ltRagu Kodungudi[8G[?12l[?25h[?25l[1P[?12l[?25h[?25l[1P[?12l[?25h[?25l[1P[?12l[?25h[?25l[1P[?12l[?25h[?25l[1P[?12l[?25h[?25l[1P[?12l[?25h[?25l[1P[?12l[?25h[?25lR[?12l[?25h[?25la[?12l[?25h[?25lg[?12l[?25h[?25lu[?12l[?25h[?25l [?12l[?25h[?25lK[?12l[?25h[?25lo[?12l[?25h[?25ld[?12l[?25h[?25lu[?12l[?25h[?25ln[?12l[?25h[?25lg[?12l[?25h[?25l[24d[K[3;13H[?12l[?25h[?25ld[?12l[?25h[?25li[?12l[?25h[?25l[4d[?12l[?25h[?25lH[?12l[?25h[?25lo[?12l[?25h[?25lb[?12l[?25h[?25lb[?12l[?25h[?25ly[?12l[?25h[?25l:[?12l[?25h[?25l [?12l[?25h[?25lW[?12l[?25h[?25la[?12l[?25h[?25lt[?12l[?25h[?25lc[?12l[?25h[?25lh[?12l[?25h[?25li[?12l[?25h[?25ln[?12l[?25h[?25lg[?12l[?25h[?25l [?12l[?25h[?25lN[?12l[?25h[?25le[?12l[?25h[?25lt[?12l[?25h[?25lf[?12l[?25h[?25ll[?12l[?25h[?25li[?12l[?25h[?25lx[?12l[?25h[?25l.[?12l[?25h[?25l.[?12l[?25h[?25l.[?12l[?25h[?25l[5d[?12l[?25h[?25l[?12l[?25h[?25l[?12l[?25h[?25l[?12l[?25h[?25l[?12l[?25h[?25l[?12l[?25h[?25l[?12l[?25h[?25lF[?12l[?25h[?25la[?12l[?25h[?25lv[?12l[?25h[?25lo[?12l[?25h[?25lr[?12l[?25h[?25li[?12l[?25h[?25lt[?12l[?25h[?25le[?12l[?25h[?25l [?12l[?25h[?25ls[?12l[?25h[?25lo[?12l[?25h[?25ln[?12l[?25h[?25lg[?12l[?25h[?25l:[?12l[?25h[?25l [?12l[?25h[?25lH[?12l[?25h[?25la[?12l[?25h[?25lp[?12l[?25h[?25lp[?12l[?25h[?25ly[?12l[?25h[?25l [?12l[?25h[?25lb[?12l[?25h[?25ly[?12l[?25h[?25l [?12l[?25h[?25lP[?12l[?25h[?25lh[?12l[?25h[?25la[?12l[?25h[?25lr[?12l[?25h[?25lr[?12l[?25h[?25le[?12l[?25h[?25ll[?12l[?25h[?25ll[?12l[?25h[?25l [?12l[?25h[?25lW[?12l[?25h[?25li[?12l[?25h[?25ll[?12l[?25h[?25ll[?12l[?25h[?25li[?12l[?25h[?25la[?12l[?25h[?25lm[?12l[?25h[?25ls[?12l[?25h[?25l[1;97H[1;89H(B[0;7m        (B[m[24;41H(B[0;7m[ Wrote 3 lines ](B[m[5;42H[?12l[?25h[?25l[24d[J[26;98H[?12l[?25h[26;1H[?1049l[23;0;0t[?1l>kodungr@cf162-20:~/csci241/lab-1-RaguKodungudi$ i[Kgit addw[K writeup.txt
kodungr@cf162-20:~/csci241/lab-1-RaguKodungudi$ git commit -m "Added line 3 (fav song) to writeup" [A[C[C[C[C[C[C[C[C[C[C[C[C[C[C[C[C[C[C[C[C[C[C[C[C[C[C[C[C[C[C[C[C[C[C[C[C[C[C[C[C[C[C[C[C[C[C[C[C[C[C[C[C[C[C[C[C[C[C[C[C[C[C[C[C[C[C[C[C[C[C[C[C[C[C[C[C[C[C[C[C[C[C[C[C[C[C[C[C[C[C[C[C[C[C[C[C[C[K"
[question3 8e441ae] Added line 3 (fav song) to writeup
 1 file changed, 1 insertion(+)
kodungr@cf162-20:~/csci241/lab-1-RaguKodungudi$ git checkout master
Switched to branch 'master'
Your branch is up to date with 'origin/master'.
kodungr@cf162-20:~/csci241/lab-1-RaguKodungudi$ git merge question3
Updating c79a483..8e441ae
Fast-forward
 writeup.txt | 1 [32m+[m
 1 file changed, 1 insertion(+)
kodungr@cf162-20:~/csci241/lab-1-RaguKodungudi$ git branch -d question3
Deleted branch question3 (was 8e441ae).
kodungr@cf162-20:~/csci241/lab-1-RaguKodungudi$ git push
Username for 'https://github.com': RaguKodungudi
Password for 'https://RaguKodungudi@github.com': 
Counting objects: 3, done.
Delta compression using up to 8 threads.
Compressing objects:  33% (1/3)   Compressing objects:  66% (2/3)   Compressing objects: 100% (3/3)   Compressing objects: 100% (3/3), done.
Writing objects:  33% (1/3)   Writing objects:  66% (2/3)   Writing objects: 100% (3/3)   Writing objects: 100% (3/3), 354 bytes | 354.00 KiB/s, done.
Total 3 (delta 1), reused 0 (delta 0)
remote: Resolving deltas:   0% (0/1)[Kremote: Resolving deltas: 100% (1/1)[Kremote: Resolving deltas: 100% (1/1), completed with 1 local object.[K
To https://github.com/csci241-20s/lab-1-RaguKodungudi
   c79a483..8e441ae  master -> master
kodungr@cf162-20:~/csci241/lab-1-RaguKodungudi$ gradle build

Welcome to Gradle 6.1!

Here are the highlights of this release:
 - Dependency cache is relocatable
 - Configurable compilation order between Groovy, Java & Scala
 - New sample projects in Gradle's documentation

For more details see https://docs.gradle.org/6.1/release-notes.html

Starting a Gradle Daemon (subsequent builds will be faster)


[2A[1B[1m> Starting Daemon[m[17D[1B[1A> IDLE[0K[6D[1B[2A[1m<[0;1m-------------> 0% INITIALIZING [35ms][m[38D[1B[1m> Evaluating settings[m[21D[1B[2A[1m<[0;1m-------------> 0% INITIALIZING [135ms][m[39D[2B[2A[1m<[0;1m-------------> 0% INITIALIZING [235ms][m[39D[2B[2A[1m<[0;1m-------------> 0% INITIALIZING [335ms][m[39D[2B[2A[1m<[0;1m-------------> 0% INITIALIZING [435ms][m[39D[2B[2A[1m<[0;1m-------------> 0% INITIALIZING [535ms][m[39D[1B[1m> Evaluating settings > Compiling /home/kodungr/csci241/lab-1-RaguKodungudi/settings.gradle into [m[97D[1B[2A[1m<[0;1m-------------> 0% INITIALIZING [635ms][m[39D[2B[2A[1m<[0;1m-------------> 0% INITIALIZING [735ms][m[39D[1B[1m> Evaluating settings[m[0K[21D[1B[2A[1m<[0;1m-------------> 0% CONFIGURING [835ms][m[0K[38D[1B[1m> Loading projects[m[0K[18D[1B[2A[1m<[0;1m-------------> 0% CONFIGURING [935ms][m[38D[1B[1m> root project[m[0K[14D[1B[2A[1m<[0;1m-------------> 0% CONFIGURING [1s][m[0K[35D[2B[2A[1m<[0;32;1m=============[0;39;1m> 100% CONFIGURING [1s][m[37D[1B> IDLE[0K[6D[1B[2A[1m<[0;1m-------------> 0% EXECUTING [1s][m[0K[33D[1B[1m> :compileJava > Resolve dependencies of :compileClasspath[m[58D[1B[1A[1m> :compileJava > Resolve dependencies of :compileClasspath > guava-26.0-jre.pom[m[79D[1B[2A[1m<[0;1m-------------> 0% EXECUTING [2s][m[33D[2B[1A[1m> :compileJava > Resolve dependencies of :compileClasspath[m[0K[58D[1B



[5A[1m> :compileJava > Resolve dependencies of :compileClasspath > checker-qual-2.5.2.pom[m[83D[1B[1m> :compileJava > Resolve dependencies of :compileClasspath > jsr305-3.0.2.pom[m[77D[1B[1m> :compileJava > Resolve dependencies of :compileClasspath > animal-sniffer-annotations-1.14.pom[m[96D[1B[1m> :compileJava > Resolve dependencies of :compileClasspath > j2objc-annotations-1.1.pom[m[87D[1B[1m> :compileJava > Resolve dependencies of :compileClasspath > error_prone_annotations-2.1.3.pom[m[94D[1B[5A> IDLE[0K[6D[1B> IDLE[0K[6D[1B[1m> :compileJava > Resolve dependencies of :compileClasspath > error_prone_parent-2.1.3.pom[m[0K[89D[1B[1m> :compileJava > Resolve dependencies of :compileClasspath > animal-sniffer-parent-1.14.pom[m[91D[1B> IDLE[0K[6D[1B[3A[1m> :compileJava > Resolve dependencies of :compileClasspath[m[0K[58D[1B> IDLE[0K[6D[2B[3A[1m> :compileJava > Resolve files of :compileClasspath > error_prone_annotations-2.1.3.jar[m[87D[1B[1m> :compileJava > Resolve files of :compileClasspath > guava-26.0-jre.jar[m[72D[2B[2A[1m> :compileJava > Resolve files of :compileClasspath > guava-26.0-jre.jar > 1.34 MB/2.61 MB downlo[m[97D[2B[3A[1m> :compileJava > Resolve files of :compileClasspath[m[0K[51D[1B> IDLE[0K[6D[2B[6A[1m<[0;1m-------------> 0% EXECUTING [3s][m[33D[3B[1m> :compileJava[m[0K[14D[3B[6A[1m<[0;1m-------------> 0% EXECUTING [4s][m[33D[6B[6A[1m<[0;1m-------------> 0% EXECUTING [5s][m[33D[6B[6A[1m<[0;1m-------------> 0% EXECUTING [6s][m[33D[6B[6A[1m<[0;1m-------------> 0% EXECUTING [7s][m[33D[6B[6A[1m<[0;32;1m==[0;39;1m-----------> 21% EXECUTING [7s][m[34D[3B[1m> :jar[m[0K[6D[3B[6A[1m<[0;32;1m===[0;39;1m----------> 28% EXECUTING [7s][m[34D[3B[1m> :startScripts[m[15D[3B[6A[1m<[0;32;1m====[0;39;1m---------> 35% EXECUTING [7s][m[34D[3B[1m> :distTar[m[0K[10D[3B[6A[1m<[0;32;1m=====[0;39;1m--------> 42% EXECUTING [7s][m[34D[3B[1m> :distZip[m[10D[3B[6A[1m<[0;32;1m=============[0;39;1m> 100% EXECUTING [7s][m[35D[3B> IDLE[0K[6D[3B[6A[0K
[32;1mBUILD SUCCESSFUL[0;39m in 9s
5 actionable tasks: 5 executed
[3B[0K
[0K
[0K
[6A[1m<[0;1m-------------> 0% WAITING[m[26D[1B> IDLE[6D[1B> IDLE[6D[1B> IDLE[6D[1B> IDLE[6D[1B> IDLE[6D[1B[6A[2K[1B[2K[1B[2K[1B[2K[1B[2K[1B[2K[5A[0m[?12l[?25hkodungr@cf162-20:~/csci241/lab-1-RaguKodungudi$ gradle run


[2A[1m<[0;1m-------------> 0% EXECUTING [83ms][m[35D[1B[1m> :compileJava[m[14D[1B[2A[0K
[1m> Task :run[m[0K
Hello, world!

[32;1mBUILD SUCCESSFUL[0;39m in 450ms
2 actionable tasks: 1 executed, 1 up-to-date
[0K
[0K
[2A[1m<[0;1m-------------> 0% WAITING[m[26D[1B[1m> :compileJava[m[14D[1B[2A[2K[1B[2K[1A[0m[?12l[?25hkodungr@cf162-20:~/csci241/lab-1-RaguKodungudi$ nano[K[K[K[Kls
build  build.gradle  delete.txt  fs  gradle  settings.gradle  src  usernames.txt  writeup.txt
kodungr@cf162-20:~/csci241/lab-1-RaguKodungudi$ gra[K[K[Kcd src
kodungr@cf162-20:~/csci241/lab-1-RaguKodungudi/src$ ls
main
kodungr@cf162-20:~/csci241/lab-1-RaguKodungudi/src$ cd main
kodungr@cf162-20:~/csci241/lab-1-RaguKodungudi/src/main$ ls
java
kodungr@cf162-20:~/csci241/lab-1-RaguKodungudi/src/main$ cd java
kodungr@cf162-20:~/csci241/lab-1-RaguKodungudi/src/main/java$ cd[K[Kls
lab1
kodungr@cf162-20:~/csci241/lab-1-RaguKodungudi/src/main/java$ cd lab1
kodungr@cf162-20:~/csci241/lab-1-RaguKodungudi/src/main/java/lab1$ ls
Hello.java
kodungr@cf162-20:~/csci241/lab-1-RaguKodungudi/src/main/java/lab1$ nano Hello.java
[?1049h[22;0;0t[1;26r(B[m[4l[?7h[39;49m[?1h=[?1h=[?1h=[?25l[39;49m(B[m[H[2J[24;42H(B[0;7m[ Reading File ](B[m[24;48H(B[0;7m 7 lines ](B[m[H(B[0;7m  GNU nano 2.9.3                               Hello.java                                         [1;97H(B[m[25d(B[0;7m^G(B[m Get Help     (B[0;7m^O(B[m Write Out    (B[0;7m^W(B[m Where Is     (B[0;7m^K(B[m Cut Text     (B[0;7m^J(B[m Justify[81G(B[0;7m^C(B[m Cur Pos[26d(B[0;7m^X(B[m Exit[26;17H(B[0;7m^R(B[m Read File    (B[0;7m^\(B[m Replace[49G(B[0;7m^U(B[m Uncut Text   (B[0;7m^T(B[m To Spell     (B[0;7m^_(B[m Go To Line[24d[3d[39;49m[36mpackage[39m(B[m lab1;[5d[36mpublic[39m(B[m [36mclass[39m(B[m Hello {[6;3H[36mpublic[39m(B[m [36mstatic[39m(B[m [32mvoid[39m(B[m main(String[] args) {[7;5HSystem.out.println([31m"Hello, world!"[39m(B[m);[8;3H}[9d}[3d[?12l[?25h[?25l[?12l[?25h[?25l[?12l[?25h[?25l[?12l[?25h[?25l[?12l[?25h[?25l[?12l[?25h[?25l[1;89H(B[0;7mModified(B[m[3dspackage lab1;s[?12l[?25h[?25l\[36mpackage[39m(B[m lab1;s\[?12l[?25h[?25lpackage[1Ps[?12l[?25h[?25l[36mpackage[39m(B[m[1P[?12l[?25h[?25l[4d[?12l[?25h[?25l[5d[?12l[?25h[?25l[C[?12l[?25h[?25l[C[?12l[?25h[?25l[C[?12l[?25h[?25l[C[?12l[?25h[?25l[C[?12l[?25h[?25l[C[?12l[?25h[?25l [?12l[?25h[?25l[C[?12l[?25h[?25l[C[?12l[?25h[?25l[C[?12l[?25h[?25l[C[?12l[?25h[?25l[C[?12l[?25h[?25l [?12l[?25h[?25lH[?12l[?25h[?25l[24d[K[5;16H[?12l[?25h[?25ll[?12l[?25h[?25ll[?12l[?25h[?25lo[?12l[?25h[?25l [?12l[?25h[?25l{[?12l[?25h[?25l[6d[?12l[?25h[?25l [?12l[?25h[?25l [?12l[?25h[?25l[C[?12l[?25h[?25l[C[?12l[?25h[?25l[7d[?12l[?25h[?25lS[?12l[?25h[?25ly[?12l[?25h[?25ls[?12l[?25h[?25lt[?12l[?25h[?25le[?12l[?25h[?25lm[?12l[?25h[?25l.[?12l[?25h[?25lo[?12l[?25h[?25lu[?12l[?25h[?25lt[?12l[?25h[?25l.[?12l[?25h[?25lp[?12l[?25h[?25lr[?12l[?25h[?25li[?12l[?25h[?25ln[?12l[?25h[?25lt[?12l[?25h[?25ll[?12l[?25h[?25ln[?12l[?25h[?25l([?12l[?25h[?25l[C[?12l[?25h[?25l[C[?12l[?25h[?25l[C[?12l[?25h[?25l[C[?12l[?25h[?25l[C[?12l[?25h[?25l[C[?12l[?25h[?25l[C[?12l[?25h[?25l[C[?12l[?25h[?25l[C[?12l[?25h[?25l[C[?12l[?25h[?25l[C[?12l[?25h[?25l[C[?12l[?25h[?25l[C[?12l[?25h[?25l[C[?12l[?25h[?25l[31m"[39m(B[m);[K[?12l[?25h[?25l[31m"[39m(B[m);[K[?12l[?25h[?25l[31m"[39m(B[m);[K[?12l[?25h[?25l[31m"[39m(B[m);[K[?12l[?25h[?25l[31m"[39m(B[m);[K[?12l[?25h[?25l[31m"[39m(B[m);[K[?12l[?25h[?25l[31m"[39m(B[m);[K[?12l[?25h[?25l[C[?12l[?25h[?25l );[?12l[?25h[?25l+);[?12l[?25h[?25l );[?12l[?25h[?25la);[?12l[?25h[?25lr);[?12l[?25h[?25lg);[?12l[?25h[?25ls);[?12l[?25h[?25l[1;97H[1;89H(B[0;7m        (B[m[24;41H(B[0;7m[ Wrote 7 lines ](B[m[7;39H[?12l[?25h[?25l[24d[J[26;98H[?12l[?25h[26;1H[?1049l[23;0;0t[?1l>kodungr@cf162-20:~/csci241/lab-1-RaguKodungudi/src/main/java/lab1$ gradle run --args="241"


[1A[1m> Connecting to Daemon[m[22D[1B[2A
[31mFAILURE: [39m[31mBuild failed with an exception.[39m

* What went wrong:
Project directory '/home/kodungr/csci241/lab-1-RaguKodungudi/src/main/java/lab1' is not part of the build defined by settings file '/home/kodungr/csci241/lab-1-RaguKodungudi/settings.gradle'. If this is an unrelated build, it must have its own settings file.

* Try:
Run with [1m--stacktrace[m option to get the stack trace. Run with [1m--info[m or [1m--debug[m option to get more log output. Run with [1m--scan[m to get full insights.

* Get more help at [1mhttps://help.gradle.org[m

[31;1mBUILD FAILED[0;39m in 349ms

[0K
[2A[1m<[0;1m-------------> 0% WAITING[m[26D[1B> IDLE[6D[1B[2A[2K[1B[2K[1A[0m[?12l[?25hkodungr@cf162-20:~/csci241/lab-1-RaguKodungudi/src/main/java/lab1$ $ gradle run --args="241"
$: command not found
kodungr@cf162-20:~/csci241/lab-1-RaguKodungudi/src/main/java/lab1$ cd..\
> c[Kcd csci241
cd..cd: command not found
kodungr@cf162-20:~/csci241/lab-1-RaguKodungudi/src/main/java/lab1$ cd-

Command 'cd-' not found, did you mean:

  command 'cdv' from deb codeville
  command 'cdb' from deb tinycdb
  command 'cdo' from deb cdo
  command 'cde' from deb cde
  command 'cd5' from deb cd5
  command 'cdw' from deb cdw
  command 'cdi' from deb cdo
  command 'cdp' from deb irpas

Try: apt install <deb name>

kodungr@cf162-20:~/csci241/lab-1-RaguKodungudi/src/main/java/lab1$ cd -
/home/kodungr/csci241/lab-1-RaguKodungudi/src/main/java
kodungr@cf162-20:~/csci241/lab-1-RaguKodungudi/src/main/java$ cd -
/home/kodungr/csci241/lab-1-RaguKodungudi/src/main/java/lab1
kodungr@cf162-20:~/csci241/lab-1-RaguKodungudi/src/main/java/lab1$ c [Kd -
/home/kodungr/csci241/lab-1-RaguKodungudi/src/main/java
kodungr@cf162-20:~/csci241/lab-1-RaguKodungudi/src/main/java$ cd -
/home/kodungr/csci241/lab-1-RaguKodungudi/src/main/java/lab1
kodungr@cf162-20:~/csci241/lab-1-RaguKodungudi/src/main/java/lab1$ cd 0[K-
/home/kodungr/csci241/lab-1-RaguKodungudi/src/main/java
kodungr@cf162-20:~/csci241/lab-1-RaguKodungudi/src/main/java$ cd ..
kodungr@cf162-20:~/csci241/lab-1-RaguKodungudi/src/main$ cd ..
kodungr@cf162-20:~/csci241/lab-1-RaguKodungudi/src$ cd ..
kodungr@cf162-20:~/csci241/lab-1-RaguKodungudi$ git add [K src/main/java/lab1/Hello.java
kodungr@cf162-20:~/csci241/lab-1-RaguKodungudi$ git commit -m "Hello now prints command line arg"
[master 599e178] Hello now prints command line arg
 1 file changed, 1 insertion(+), 1 deletion(-)
kodungr@cf162-20:~/csci241/lab-1-RaguKodungudi$ git push
Username for 'https://github.com': RaguKodungudi
Password for 'https://RaguKodungudi@github.com': 
Counting objects: 7, done.
Delta compression using up to 8 threads.
Compressing objects:  33% (1/3)   Compressing objects:  66% (2/3)   Compressing objects: 100% (3/3)   Compressing objects: 100% (3/3), done.
Writing objects:  14% (1/7)   Writing objects:  28% (2/7)   Writing objects:  42% (3/7)   Writing objects:  57% (4/7)   Writing objects:  71% (5/7)   Writing objects:  85% (6/7)   Writing objects: 100% (7/7)   Writing objects: 100% (7/7), 485 bytes | 242.00 KiB/s, done.
Total 7 (delta 2), reused 0 (delta 0)
remote: Resolving deltas:   0% (0/2)[Kremote: Resolving deltas:  50% (1/2)[Kremote: Resolving deltas: 100% (2/2)[Kremote: Resolving deltas: 100% (2/2), completed with 2 local objects.[K
To https://github.com/csci241-20s/lab-1-RaguKodungudi
   8e441ae..599e178  master -> master
kodungr@cf162-20:~/csci241/lab-1-RaguKodungudi$ exit
exit

Script done on 2020-04-12 22:00:50-0700
